// Jest Snapshot v1, https://goo.gl/fbAQLP

exports[`ToDoItem.vue Snapshot has same HTML structure, edit 1`] = `
<div><input class="todo-item__checkbox" type="checkbox" id="some-uuid">
  <div class="todo-item__content"><label class="todo-item__label">some-title</label>
    <div class="todo-item__controls"><button class="btn btn--delete" type="button">
        <font-awesome-icon icon="trash-alt"></font-awesome-icon>
      </button></div>
  </div>
</div>
`;

exports[`ToDoItem.vue Snapshot has same HTML structure, without edit 1`] = `
<div><input class="todo-item__checkbox" type="checkbox" id="some-uuid">
  <div class="todo-item__content"><label class="todo-item__label">some-title</label>
    <div class="todo-item__controls"><button class="btn btn--delete" type="button">
        <font-awesome-icon icon="trash-alt"></font-awesome-icon>
      </button></div>
  </div>
</div>
`;
