// Jest Snapshot v1, https://goo.gl/fbAQLP

exports[`App.vue Snapshot has same HTML structure 1`] = `
<div id="app">
  <h1>To-Do List</h1>
  <form><input type="text" autocomplete="off"><button type="submit">Добавить</button></form>
  <h2>Выполнено задач: 1/2</h2>
  <ul>
    <li>
      <div>
        <div><input type="checkbox" id="1"><label for="1">title1</label></div>
        <div><button type="button"> Редактировать </button><button type="button"> Удалить </button></div>
      </div>
    </li>
    <li>
      <div>
        <div><input type="checkbox" id="2"><label for="2">title2</label></div>
        <div><button type="button"> Редактировать </button><button type="button"> Удалить </button></div>
      </div>
    </li>
  </ul>
</div>
`;
