// Jest Snapshot v1, https://goo.gl/fbAQLP

exports[`App.vue Snapshot has same HTML structure 1`] = `
<div id="app" class="todo-list">
  <h1 class="todo-list__header">Список дел</h1>
  <form class="todo-list__add-form"><input type="text" autocomplete="off"><button class="btn btn--add" type="button">+</button></form>
  <ul>
    <li>
      <div class="todo-list__item todo-item"><input class="todo-item__checkbox" type="checkbox" id="1">
        <div class="todo-item__content"><label class="todo-item__label">title1</label>
          <div class="todo-item__controls"><button class="btn btn--delete" type="button">
              <font-awesome-icon icon="trash-alt"></font-awesome-icon>
            </button></div>
        </div>
      </div>
    </li>
    <li>
      <div class="todo-list__item todo-item"><input class="todo-item__checkbox" type="checkbox" id="2">
        <div class="todo-item__content"><label class="todo-item__label">title2</label>
          <div class="todo-item__controls"><button class="btn btn--delete" type="button">
              <font-awesome-icon icon="trash-alt"></font-awesome-icon>
            </button></div>
        </div>
      </div>
    </li>
  </ul><small>Выполнено задач: 1 из 2</small>
</div>
`;
