// Jest Snapshot v1, https://goo.gl/fbAQLP

exports[`AppFilters.vue Snapshot has same HTML structure 1`] = `
<aside class="todo-list__filters" activefilter="All">
  <section class="toggle-group"><button class="toggle-group__button toggle-group__button--primary">All</button><button class="toggle-group__button">Active</button><button class="toggle-group__button">Done</button></section>
</aside>
`;
